[+] Running Python script...
/usr/lib/python3/dist-packages/requests/__init__.py:87: RequestsDependencyWarning: urllib3 (2.5.0) or chardet (4.0.0) doesn't match a supported version!
  warnings.warn("urllib3 ({}) or chardet ({}) doesn't match a supported "
[+] Fetching disposable email...
[+] Handling cookies/popups...
[+] Disposable email acquired: zao.kenric@doodrops.org
[+] Handling cookies/popups...
[+] Filling out IPTVore form...
[+] Looking for email field...
[+] Found email field with selector: //input[@type='email']
[+] Entered email: zao.kenric@doodrops.org
[+] Looking for country field...
[+] Successfully selected United Kingdom
[+] Submitting form...
[+] Found element with XPath: //*[@id='wpforms-submit-10636']
[+] Form submitted!
[+] Waiting for M3U email...
[00:01:03] Searching for M3U links...
[00:01:03] Searching email content...
[00:01:24] Using regex fallback...
[00:01:24] No M3U link found, retrying in 45s...
[00:02:19] Searching for M3U links...
[00:02:19] Searching email content...
[00:02:19] Found M3U link: http://cf.hi-ott.me/get.php?username=iptvore1gc5&password=173a5a3742&type=m3u_plus&output=ts
[00:02:19] Found EPG link: http://cf.hi-ott.me/xmltv.php?username=iptvore1gc5&password=173a5a3742
[00:02:19] Using extended timeout for M3U file (120s read timeout)
[00:02:19] Download attempt 1/3
[00:02:48] Response status: 200
[00:02:48] Expected file size: 258,305,733 bytes
[+] Script completed.
Traceback (most recent call last):
  File "/root/daily-iptv/iptvore_fetch.py", line 629, in <module>
    main()
  File "/root/daily-iptv/iptvore_fetch.py", line 605, in main
    if download_m3u_file(m3u_url, SAVE_FILE, max_retries=3, is_m3u=True):
  File "/root/daily-iptv/iptvore_fetch.py", line 406, in download_m3u_file
    for chunk in response.iter_content(chunk_size=chunk_size):
  File "/usr/lib/python3/dist-packages/requests/models.py", line 753, in generate
    for chunk in self.raw.stream(chunk_size, decode_content=True):
  File "/usr/local/lib/python3.10/dist-packages/urllib3/response.py", line 1091, in stream
    data = self.read(amt=amt, decode_content=decode_content)
  File "/usr/local/lib/python3.10/dist-packages/urllib3/response.py", line 980, in read
    data = self._raw_read(amt)
  File "/usr/local/lib/python3.10/dist-packages/urllib3/response.py", line 904, in _raw_read
    data = self._fp_read(amt, read1=read1) if not fp_closed else b""
  File "/usr/local/lib/python3.10/dist-packages/urllib3/response.py", line 887, in _fp_read
    return self._fp.read(amt) if amt is not None else self._fp.read()
  File "/usr/lib/python3.10/http/client.py", line 466, in read
    s = self.fp.read(amt)
  File "/usr/lib/python3.10/socket.py", line 705, in readinto
    return self._sock.recv_into(b)
KeyboardInterrupt
[+] Running Python script...
/usr/lib/python3/dist-packages/requests/__init__.py:87: RequestsDependencyWarning: urllib3 (2.5.0) or chardet (4.0.0) doesn't match a supported version!
  warnings.warn("urllib3 ({}) or chardet ({}) doesn't match a supported "
[+] Fetching disposable email...
[+] Handling cookies/popups...
[+] Disposable email acquired: khaleil.domenic@doodrops.org
[+] Handling cookies/popups...
[+] Filling out IPTVore form...
[+] Looking for email field...
[+] Found email field with selector: //input[@type='email']
[+] Entered email: khaleil.domenic@doodrops.org
[+] Looking for country field...
[+] Successfully selected United Kingdom
[+] Submitting form...
[+] Found element with XPath: //*[@id='wpforms-submit-10636']
[+] Form submitted!
[+] Waiting for M3U email...
[00:01:05] Searching for M3U links...
[00:01:05] Searching email content...
[00:01:25] Using regex fallback...
[00:01:25] No M3U link found, retrying in 45s...
[00:02:21] Searching for M3U links...
[00:02:21] Searching email content...
[00:02:21] Found M3U link: http://cf.hi-ott.me/get.php?username=iptvorempck&password=358685d227&type=m3u_plus&output=ts
[00:02:21] Found EPG link: http://cf.hi-ott.me/xmltv.php?username=iptvorempck&password=358685d227
[00:02:21] Using extended timeout for M3U file (120s read timeout)
[00:02:21] Download attempt 1/3
[00:02:48] Response status: 200
[00:02:48] Expected file size: 224,673,566 bytes
[00:02:58] Progress: 196,829,184/224,673,566 bytes (87.6%)
[00:02:59] Download completed: 224,673,566 bytes
[00:02:59] File saved successfully: iptv_daily/iptvore_daily_update.m3u (224,673,566 bytes)
[00:02:59] M3U file format verified
[+] Truncating iptv_daily/iptvore_daily_update.m3u to 92025 lines...
[✓] File truncated to 92025 lines
[✓] M3U saved successfully.
[00:02:59] Using standard timeout for EPG file (30s read timeout)
[00:02:59] Download attempt 1/2
[00:02:59] Response status: 200
[00:02:59] File size unknown, downloading...
[00:03:01] Download completed: 62,434,063 bytes
[00:03:01] File saved successfully: iptv_daily/iptvore_daily_update_epg.xml (62,434,063 bytes)
[✓] EPG saved successfully.
[+] Script completed.
[+] Staging files for commit...
[main 37ec2f2] Auto update 2025-07-30 18:28
 2 files changed, 82581 insertions(+), 82562 deletions(-)
[+] Pulling from remote (rebase)...
error: cannot pull with rebase: You have unstaged changes.
error: please commit or stash them.
[+] Pushing to GitHub...
remote: warning: See https://gh.io/lfs for more information.        
remote: warning: File iptv_daily/iptvore_daily_update_epg.xml is 59.54 MB; this is larger than GitHub's recommended maximum file size of 50.00 MB        
remote: warning: GH001: Large files detected. You may want to try Git Large File Storage - https://git-lfs.github.com.        
To https://github.com/Jamesh6210/daily-iptv.git
   efcdc84..37ec2f2  main -> main
[✓] Done.
[+] Running Python script...
/usr/lib/python3/dist-packages/requests/__init__.py:87: RequestsDependencyWarning: urllib3 (2.5.0) or chardet (4.0.0) doesn't match a supported version!
  warnings.warn("urllib3 ({}) or chardet ({}) doesn't match a supported "
[+] Fetching disposable email...
[+] Handling cookies/popups...
[+] Disposable email acquired: ireoluwa.nolyn@doodrops.org
[+] Handling cookies/popups...
[+] Filling out IPTVore form...
[+] Looking for email field...
[+] Found email field with selector: //input[@type='email']
[+] Entered email: ireoluwa.nolyn@doodrops.org
[+] Looking for country field...
[+] Successfully selected United Kingdom
[+] Submitting form...
[+] Found element with XPath: //*[@id='wpforms-submit-10636']
[+] Form submitted!
[+] Waiting for M3U email...
[00:01:11] Searching for M3U links...
[00:01:11] Searching email content...
[00:01:31] Using regex fallback...
[00:01:31] No M3U link found, retrying in 45s...
[00:02:26] Searching for M3U links...
[00:02:26] Searching email content...
[00:02:26] Found M3U link: http://cf.hi-ott.me/get.php?username=iptvorej8ix&password=0af8bc6eb7&type=m3u_plus&output=ts
[00:02:26] Found EPG link: http://cf.hi-ott.me/xmltv.php?username=iptvorej8ix&password=0af8bc6eb7
[00:02:26] Using extended timeout for M3U file (120s read timeout)
[00:02:26] Download attempt 1/3
[00:02:44] Response status: 200
[00:02:44] Expected file size: 258,394,313 bytes
[00:02:54] Progress: 196,141,056/258,394,313 bytes (75.9%)
[00:02:57] Download completed: 258,394,313 bytes
[00:02:57] File saved successfully: iptv_daily/iptvore_daily_update.m3u (258,394,313 bytes)
[00:02:57] M3U file format verified
[+] Truncating iptv_daily/iptvore_daily_update.m3u to 92025 lines...
[✓] File truncated to 92025 lines
[✓] M3U saved successfully.
[00:02:58] Using standard timeout for EPG file (30s read timeout)
[00:02:58] Download attempt 1/2
[00:02:58] Response status: 200
[00:02:58] File size unknown, downloading...
[00:02:59] Download completed: 61,328,468 bytes
[00:02:59] File saved successfully: iptv_daily/iptvore_daily_update_epg.xml (61,328,468 bytes)
[✓] EPG saved successfully.
[+] Script completed.
[+] Staging files for commit...
[main e845b0d] Auto update 2025-07-31 03:03
 2 files changed, 81766 insertions(+), 81775 deletions(-)
[+] Pulling from remote (rebase)...
error: cannot pull with rebase: You have unstaged changes.
error: please commit or stash them.
[+] Pushing to GitHub...
remote: warning: See https://gh.io/lfs for more information.        
remote: warning: File iptv_daily/iptvore_daily_update_epg.xml is 58.49 MB; this is larger than GitHub's recommended maximum file size of 50.00 MB        
remote: warning: GH001: Large files detected. You may want to try Git Large File Storage - https://git-lfs.github.com.        
To https://github.com/Jamesh6210/daily-iptv.git
   37ec2f2..e845b0d  main -> main
[✓] Done.
[+] Running Python script...
/usr/lib/python3/dist-packages/requests/__init__.py:87: RequestsDependencyWarning: urllib3 (2.5.0) or chardet (4.0.0) doesn't match a supported version!
  warnings.warn("urllib3 ({}) or chardet ({}) doesn't match a supported "
[+] Fetching disposable email...
[+] Handling cookies/popups...
[+] Disposable email acquired: jaydyn.itsuki@doodrops.org
[+] Handling cookies/popups...
[+] Filling out IPTVore form...
[+] Looking for email field...
[+] Found email field with selector: //input[@type='email']
[+] Entered email: jaydyn.itsuki@doodrops.org
[+] Looking for country field...
[+] Successfully selected United Kingdom
[+] Submitting form...
[+] Found element with XPath: //*[@id='wpforms-submit-10636']
[+] Form submitted!
[+] Waiting for M3U email...
[00:01:10] Searching for M3U links...
[00:01:10] Searching email content...
[00:01:30] Using regex fallback...
[00:01:30] No M3U link found, retrying in 45s...
[00:02:26] Searching for M3U links...
[00:02:26] Searching email content...
[00:02:26] Found M3U link: http://cf.hi-ott.me/get.php?username=iptvore8rr5&password=180e8b2c71&type=m3u_plus&output=ts
[00:02:26] Found EPG link: http://cf.hi-ott.me/xmltv.php?username=iptvore8rr5&password=180e8b2c71
[00:02:26] Using extended timeout for M3U file (120s read timeout)
[00:02:26] Download attempt 1/3
[00:02:54] Response status: 200
[00:02:54] Expected file size: 258,540,683 bytes
[00:03:04] Progress: 191,086,592/258,540,683 bytes (73.9%)
[00:03:07] Download completed: 258,540,683 bytes
[00:03:07] File saved successfully: iptv_daily/iptvore_daily_update.m3u (258,540,683 bytes)
[00:03:07] M3U file format verified
[+] Truncating iptv_daily/iptvore_daily_update.m3u to 92025 lines...
[✓] File truncated to 92025 lines
[✓] M3U saved successfully.
[00:03:07] Using standard timeout for EPG file (30s read timeout)
[00:03:07] Download attempt 1/2
[00:03:07] Response status: 200
[00:03:07] File size unknown, downloading...
[00:03:09] Download completed: 66,464,522 bytes
[00:03:09] File saved successfully: iptv_daily/iptvore_daily_update_epg.xml (66,464,522 bytes)
[✓] EPG saved successfully.
[+] Script completed.
[+] Staging files for commit...
[main 2c3f70b] Auto update 2025-08-01 03:03
 2 files changed, 47404 insertions(+), 47437 deletions(-)
[+] Pulling from remote (rebase)...
error: cannot pull with rebase: You have unstaged changes.
error: please commit or stash them.
[+] Pushing to GitHub...
remote: warning: See https://gh.io/lfs for more information.        
remote: warning: File iptv_daily/iptvore_daily_update_epg.xml is 63.39 MB; this is larger than GitHub's recommended maximum file size of 50.00 MB        
remote: warning: GH001: Large files detected. You may want to try Git Large File Storage - https://git-lfs.github.com.        
To https://github.com/Jamesh6210/daily-iptv.git
   e845b0d..2c3f70b  main -> main
[✓] Done.
[+] Running Python script...
/usr/lib/python3/dist-packages/requests/__init__.py:87: RequestsDependencyWarning: urllib3 (2.5.0) or chardet (4.0.0) doesn't match a supported version!
  warnings.warn("urllib3 ({}) or chardet ({}) doesn't match a supported "
[+] Fetching disposable email...
[+] Handling cookies/popups...
[+] Disposable email acquired: sanjay.zuhair@doodrops.org
[+] Handling cookies/popups...
[+] Filling out IPTVore form...
[+] Looking for email field...
[+] Found email field with selector: //input[@type='email']
[+] Entered email: sanjay.zuhair@doodrops.org
[+] Looking for country field...
[+] Successfully selected United Kingdom
[+] Submitting form...
[+] Found element with XPath: //*[@id='wpforms-submit-10636']
[+] Form submitted!
[+] Waiting for M3U email...
[00:01:09] Searching for M3U links...
[00:01:09] Searching email content...
[00:01:29] Using regex fallback...
[00:01:29] No M3U link found, retrying in 45s...
[00:02:24] Searching for M3U links...
[00:02:24] Searching email content...
[00:02:24] Found M3U link: http://cf.hi-ott.me/get.php?username=iptvoreqec8&password=a1cd23bfed&type=m3u_plus&output=ts
[00:02:24] Found EPG link: http://cf.hi-ott.me/xmltv.php?username=iptvoreqec8&password=a1cd23bfed
[00:02:24] Using extended timeout for M3U file (120s read timeout)
[00:02:24] Download attempt 1/3
[00:02:55] Response status: 200
[00:02:55] Expected file size: 258,989,439 bytes
[00:03:05] Progress: 195,788,800/258,989,439 bytes (75.6%)
[00:03:08] Download completed: 258,989,439 bytes
[00:03:08] File saved successfully: iptv_daily/iptvore_daily_update.m3u (258,989,439 bytes)
[00:03:08] M3U file format verified
[+] Truncating iptv_daily/iptvore_daily_update.m3u to 92025 lines...
[✓] File truncated to 92025 lines
[✓] M3U saved successfully.
[00:03:09] Using standard timeout for EPG file (30s read timeout)
[00:03:09] Download attempt 1/2
[00:03:09] Response status: 200
[00:03:09] File size unknown, downloading...
[00:03:10] Download completed: 67,663,721 bytes
[00:03:10] File saved successfully: iptv_daily/iptvore_daily_update_epg.xml (67,663,721 bytes)
[✓] EPG saved successfully.
[+] Script completed.
[+] Staging files for commit...
[main 08d1b5f] Auto update 2025-08-02 03:03
 2 files changed, 48624 insertions(+), 48717 deletions(-)
[+] Pulling from remote (rebase)...
error: cannot pull with rebase: You have unstaged changes.
error: please commit or stash them.
[+] Pushing to GitHub...
remote: warning: See https://gh.io/lfs for more information.        
remote: warning: File iptv_daily/iptvore_daily_update_epg.xml is 64.53 MB; this is larger than GitHub's recommended maximum file size of 50.00 MB        
remote: warning: GH001: Large files detected. You may want to try Git Large File Storage - https://git-lfs.github.com.        
To https://github.com/Jamesh6210/daily-iptv.git
   2c3f70b..08d1b5f  main -> main
[✓] Done.
[+] Running Python script...
/usr/lib/python3/dist-packages/requests/__init__.py:87: RequestsDependencyWarning: urllib3 (2.5.0) or chardet (4.0.0) doesn't match a supported version!
  warnings.warn("urllib3 ({}) or chardet ({}) doesn't match a supported "
[+] Fetching disposable email...
[+] Handling cookies/popups...
[+] Disposable email acquired: srijan.jakyrie@doodrops.org
[+] Handling cookies/popups...
[+] Filling out IPTVore form...
[+] Looking for email field...
[+] Found email field with selector: //input[@type='email']
[+] Entered email: srijan.jakyrie@doodrops.org
[+] Looking for country field...
[+] Successfully selected United Kingdom
[+] Submitting form...
[+] Found element with XPath: //*[@id='wpforms-submit-10636']
[+] Form submitted!
[+] Waiting for M3U email...
[00:01:10] Searching for M3U links...
[00:01:10] Searching email content...
[00:01:30] Using regex fallback...
[00:01:30] No M3U link found, retrying in 45s...
[00:02:26] Searching for M3U links...
[00:02:26] Searching email content...
[00:02:26] Found M3U link: http://cf.hi-ott.me/get.php?username=9e9d377932a1&password=93e6eb4fa1&type=m3u_plus&output=ts
[00:02:26] Found EPG link: http://cf.hi-ott.me/xmltv.php?username=9e9d377932a1&password=93e6eb4fa1
[00:02:26] Using extended timeout for M3U file (120s read timeout)
[00:02:26] Download attempt 1/3
[00:02:32] Response status: 200
[00:02:32] Expected file size: 77,932,580 bytes
[00:02:36] Download completed: 77,932,580 bytes
[00:02:36] File saved successfully: iptv_daily/iptvore_daily_update.m3u (77,932,580 bytes)
[00:02:36] M3U file format verified
[+] Truncating iptv_daily/iptvore_daily_update.m3u to 92025 lines...
[✓] File truncated to 92025 lines
[✓] M3U saved successfully.
[00:02:36] Using standard timeout for EPG file (30s read timeout)
[00:02:36] Download attempt 1/2
[00:02:36] Response status: 200
[00:02:36] File size unknown, downloading...
[00:02:37] Download completed: 64,153,527 bytes
[00:02:37] File saved successfully: iptv_daily/iptvore_daily_update_epg.xml (64,153,527 bytes)
[✓] EPG saved successfully.
[+] Script completed.
[+] Staging files for commit...
[main 145f336] Auto update 2025-08-03 05:02
 2 files changed, 60760 insertions(+), 60782 deletions(-)
[+] Pulling from remote (rebase)...
error: cannot pull with rebase: You have unstaged changes.
error: please commit or stash them.
[+] Pushing to GitHub...
remote: warning: See https://gh.io/lfs for more information.        
remote: warning: File iptv_daily/iptvore_daily_update_epg.xml is 61.18 MB; this is larger than GitHub's recommended maximum file size of 50.00 MB        
remote: warning: GH001: Large files detected. You may want to try Git Large File Storage - https://git-lfs.github.com.        
To https://github.com/Jamesh6210/daily-iptv.git
   7a91a16..145f336  main -> main
[✓] Done.
[+] Running Python script...
/usr/lib/python3/dist-packages/requests/__init__.py:87: RequestsDependencyWarning: urllib3 (2.5.0) or chardet (4.0.0) doesn't match a supported version!
  warnings.warn("urllib3 ({}) or chardet ({}) doesn't match a supported "
[+] Fetching disposable email...
[+] Handling cookies/popups...
[+] Disposable email acquired: yejun.lexon@doodrops.org
[+] Handling cookies/popups...
[+] Filling out IPTVore form...
[+] Looking for email field...
[+] Found email field with selector: //input[@type='email']
[+] Entered email: yejun.lexon@doodrops.org
[+] Looking for country field...
[+] Successfully selected United Kingdom
[+] Submitting form...
[+] Found element with XPath: //*[@id='wpforms-submit-10636']
[+] Form submitted!
[+] Waiting for M3U email...
[00:01:10] Searching for M3U links...
[00:01:10] Searching email content...
[00:01:31] Using regex fallback...
[00:01:31] No M3U link found, retrying in 45s...
[00:02:26] Searching for M3U links...
[00:02:26] Searching email content...
[00:02:26] Found M3U link: http://cf.hi-ott.me/get.php?username=iptvorejuk2&password=675a03852e&type=m3u_plus&output=ts
[00:02:26] Found EPG link: http://cf.hi-ott.me/xmltv.php?username=iptvorejuk2&password=675a03852e
[00:02:26] Using extended timeout for M3U file (120s read timeout)
[00:02:26] Download attempt 1/3
[00:02:56] Response status: 200
[00:02:56] Expected file size: 259,109,289 bytes
[00:03:06] Progress: 195,657,728/259,109,289 bytes (75.5%)
[00:03:10] Download completed: 259,109,289 bytes
[00:03:10] File saved successfully: iptv_daily/iptvore_daily_update.m3u (259,109,289 bytes)
[00:03:10] M3U file format verified
[+] Truncating iptv_daily/iptvore_daily_update.m3u to 92025 lines...
[✓] File truncated to 92025 lines
[✓] M3U saved successfully.
[00:03:10] Using standard timeout for EPG file (30s read timeout)
[00:03:10] Download attempt 1/2
[00:03:10] Response status: 200
[00:03:10] File size unknown, downloading...
[00:03:11] Download completed: 65,988,245 bytes
[00:03:11] File saved successfully: iptv_daily/iptvore_daily_update_epg.xml (65,988,245 bytes)
[✓] EPG saved successfully.
[+] Script completed.
[+] Staging files for commit...
[main f81e3e9] Auto update 2025-08-04 05:03
 2 files changed, 46419 insertions(+), 46441 deletions(-)
[+] Pulling from remote (rebase)...
error: cannot pull with rebase: You have unstaged changes.
error: please commit or stash them.
[+] Pushing to GitHub...
remote: warning: See https://gh.io/lfs for more information.        
remote: warning: File iptv_daily/iptvore_daily_update_epg.xml is 62.93 MB; this is larger than GitHub's recommended maximum file size of 50.00 MB        
remote: warning: GH001: Large files detected. You may want to try Git Large File Storage - https://git-lfs.github.com.        
To https://github.com/Jamesh6210/daily-iptv.git
   b097ad3..f81e3e9  main -> main
[✓] Done.
[+] Running Python script...
/usr/lib/python3/dist-packages/requests/__init__.py:87: RequestsDependencyWarning: urllib3 (2.5.0) or chardet (4.0.0) doesn't match a supported version!
  warnings.warn("urllib3 ({}) or chardet ({}) doesn't match a supported "
[+] Fetching disposable email...
[+] Handling cookies/popups...
[+] Disposable email acquired: daniele.safir@doodrops.org
[+] Handling cookies/popups...
[+] Filling out IPTVore form...
[+] Looking for email field...
[+] Found email field with selector: //input[@type='email']
[+] Entered email: daniele.safir@doodrops.org
[+] Looking for country field...
[+] Successfully selected United Kingdom
[+] Submitting form...
[+] Found element with XPath: //*[@id='wpforms-submit-10636']
[+] Form submitted!
[+] Waiting for M3U email...
[00:01:12] Searching for M3U links...
[00:01:12] Searching email content...
[00:01:33] Using regex fallback...
[00:01:33] No M3U link found, retrying in 45s...
[00:02:28] Searching for M3U links...
[00:02:28] Searching email content...
[00:02:28] Found M3U link: http://cf.hi-ott.me/get.php?username=iptvoreajl9&password=257f8052ce&type=m3u_plus&output=ts
[00:02:28] Found EPG link: http://cf.hi-ott.me/xmltv.php?username=iptvoreajl9&password=257f8052ce
[00:02:28] Using extended timeout for M3U file (120s read timeout)
[00:02:28] Download attempt 1/3
[00:02:58] Response status: 200
[00:02:58] Expected file size: 259,321,112 bytes
[00:03:08] Progress: 196,452,352/259,321,112 bytes (75.8%)
[00:03:11] Download completed: 259,321,112 bytes
[00:03:11] File saved successfully: iptv_daily/iptvore_daily_update.m3u (259,321,112 bytes)
[00:03:11] M3U file format verified
[+] Truncating iptv_daily/iptvore_daily_update.m3u to 92025 lines...
[✓] File truncated to 92025 lines
[✓] M3U saved successfully.
[00:03:11] Using standard timeout for EPG file (30s read timeout)
[00:03:11] Download attempt 1/2
[00:03:11] Response status: 200
[00:03:11] File size unknown, downloading...
[00:03:13] Download completed: 75,327,473 bytes
[00:03:13] File saved successfully: iptv_daily/iptvore_daily_update_epg.xml (75,327,473 bytes)
[✓] EPG saved successfully.
[+] Script completed.
[+] Staging files for commit...
[main b4860bc] Auto update 2025-08-05 08:03
 2 files changed, 66004 insertions(+), 65959 deletions(-)
[+] Pulling from remote (rebase)...
error: cannot pull with rebase: You have unstaged changes.
error: please commit or stash them.
[+] Pushing to GitHub...
remote: warning: See https://gh.io/lfs for more information.        
remote: warning: File iptv_daily/iptvore_daily_update_epg.xml is 71.84 MB; this is larger than GitHub's recommended maximum file size of 50.00 MB        
remote: warning: GH001: Large files detected. You may want to try Git Large File Storage - https://git-lfs.github.com.        
To https://github.com/Jamesh6210/daily-iptv.git
   cbca8af..b4860bc  main -> main
[✓] Done.
[+] Running Python script...
/usr/lib/python3/dist-packages/requests/__init__.py:87: RequestsDependencyWarning: urllib3 (2.5.0) or chardet (4.0.0) doesn't match a supported version!
  warnings.warn("urllib3 ({}) or chardet ({}) doesn't match a supported "
[+] Fetching disposable email...
[+] Handling cookies/popups...
[+] Disposable email acquired: davin.moayad@doodrops.org
[+] Handling cookies/popups...
[+] Filling out IPTVore form...
[+] Looking for email field...
[+] Found email field with selector: //input[@type='email']
[+] Entered email: davin.moayad@doodrops.org
[+] Looking for country field...
[+] Successfully selected United Kingdom
[+] Submitting form...
[+] Found element with XPath: //*[@id='wpforms-submit-10636']
[+] Form submitted!
[+] Waiting for M3U email...
[00:01:19] Searching for M3U links...
[00:01:19] Searching email content...
[00:01:40] Using regex fallback...
[00:01:40] No M3U link found, retrying in 45s...
[00:02:35] Searching for M3U links...
[00:02:35] Searching email content...
[00:02:35] Found M3U link: http://cf.hi-ott.me/get.php?username=iptvorew74i&password=3c74137921&type=m3u_plus&output=ts
[00:02:35] Found EPG link: http://cf.hi-ott.me/xmltv.php?username=iptvorew74i&password=3c74137921
[00:02:35] Using extended timeout for M3U file (120s read timeout)
[00:02:35] Download attempt 1/3
[00:03:04] Response status: 200
[00:03:04] Expected file size: 259,877,273 bytes
[00:03:14] Progress: 195,698,688/259,877,273 bytes (75.3%)
[00:03:17] Download completed: 259,877,273 bytes
[00:03:17] File saved successfully: iptv_daily/iptvore_daily_update.m3u (259,877,273 bytes)
[00:03:17] M3U file format verified
[+] Truncating iptv_daily/iptvore_daily_update.m3u to 92025 lines...
[✓] File truncated to 92025 lines
[✓] M3U saved successfully.
[00:03:17] Using standard timeout for EPG file (30s read timeout)
[00:03:17] Download attempt 1/2
[00:03:17] Response status: 200
[00:03:17] File size unknown, downloading...
[00:03:19] Download completed: 74,942,391 bytes
[00:03:19] File saved successfully: iptv_daily/iptvore_daily_update_epg.xml (74,942,391 bytes)
[✓] EPG saved successfully.
[+] Script completed.
[+] Staging files for commit...
[main 4b839cf] Auto update 2025-08-06 08:03
 2 files changed, 47023 insertions(+), 47023 deletions(-)
[+] Pulling from remote (rebase)...
error: cannot pull with rebase: You have unstaged changes.
error: please commit or stash them.
[+] Pushing to GitHub...
remote: warning: See https://gh.io/lfs for more information.        
remote: warning: File iptv_daily/iptvore_daily_update_epg.xml is 71.47 MB; this is larger than GitHub's recommended maximum file size of 50.00 MB        
remote: warning: GH001: Large files detected. You may want to try Git Large File Storage - https://git-lfs.github.com.        
To https://github.com/Jamesh6210/daily-iptv.git
   b4860bc..4b839cf  main -> main
[✓] Done.
[+] Running Python script...
/usr/lib/python3/dist-packages/requests/__init__.py:87: RequestsDependencyWarning: urllib3 (2.5.0) or chardet (4.0.0) doesn't match a supported version!
  warnings.warn("urllib3 ({}) or chardet ({}) doesn't match a supported "
[+] Fetching disposable email...
[+] Handling cookies/popups...
[+] Disposable email acquired: tanav.ayodeji@doodrops.org
[+] Handling cookies/popups...
[+] Filling out IPTVore form...
[+] Looking for email field...
[+] Found email field with selector: //input[@type='email']
[+] Entered email: tanav.ayodeji@doodrops.org
[+] Looking for country field...
[+] Successfully selected United Kingdom
[+] Submitting form...
[+] Found element with XPath: //*[@id='wpforms-submit-10636']
[+] Form submitted!
[+] Waiting for M3U email...
[00:01:12] Searching for M3U links...
[00:01:12] Searching email content...
[00:01:32] Using regex fallback...
[00:01:32] No M3U link found, retrying in 45s...
[00:02:27] Searching for M3U links...
[00:02:27] Searching email content...
[00:02:27] Found M3U link: http://cf.hi-ott.me/get.php?username=iptvorecgod&password=19c9a1b255&type=m3u_plus&output=ts
[00:02:27] Found EPG link: http://cf.hi-ott.me/xmltv.php?username=iptvorecgod&password=19c9a1b255
[00:02:27] Using extended timeout for M3U file (120s read timeout)
[00:02:27] Download attempt 1/3
[00:02:58] Response status: 200
[00:02:58] Expected file size: 260,112,906 bytes
[00:03:08] Progress: 195,821,568/260,112,906 bytes (75.3%)
[00:03:11] Download completed: 260,112,906 bytes
[00:03:11] File saved successfully: iptv_daily/iptvore_daily_update.m3u (260,112,906 bytes)
[00:03:11] M3U file format verified
[+] Truncating iptv_daily/iptvore_daily_update.m3u to 92025 lines...
[✓] File truncated to 92025 lines
[✓] M3U saved successfully.
[00:03:11] Using standard timeout for EPG file (30s read timeout)
[00:03:11] Download attempt 1/2
[00:03:11] Response status: 200
[00:03:11] File size unknown, downloading...
[00:03:13] Download completed: 73,822,100 bytes
[00:03:13] File saved successfully: iptv_daily/iptvore_daily_update_epg.xml (73,822,100 bytes)
[✓] EPG saved successfully.
[+] Script completed.
[+] Staging files for commit...
[main 46c7316] Auto update 2025-08-07 08:03
 2 files changed, 78035 insertions(+), 77992 deletions(-)
[+] Pulling from remote (rebase)...
error: cannot pull with rebase: You have unstaged changes.
error: please commit or stash them.
[+] Pushing to GitHub...
remote: warning: See https://gh.io/lfs for more information.        
remote: warning: File iptv_daily/iptvore_daily_update_epg.xml is 70.40 MB; this is larger than GitHub's recommended maximum file size of 50.00 MB        
remote: warning: GH001: Large files detected. You may want to try Git Large File Storage - https://git-lfs.github.com.        
To https://github.com/Jamesh6210/daily-iptv.git
   4b839cf..46c7316  main -> main
[✓] Done.
[+] Running Python script...
/usr/lib/python3/dist-packages/requests/__init__.py:87: RequestsDependencyWarning: urllib3 (2.5.0) or chardet (4.0.0) doesn't match a supported version!
  warnings.warn("urllib3 ({}) or chardet ({}) doesn't match a supported "
[+] Fetching disposable email...
[+] Handling cookies/popups...
[+] Disposable email acquired: athens.essam@doodrops.org
[+] Handling cookies/popups...
[+] Filling out IPTVore form...
[+] Looking for email field...
[+] Found email field with selector: //input[@type='email']
[+] Entered email: athens.essam@doodrops.org
[+] Looking for country field...
[+] Successfully selected United Kingdom
[+] Submitting form...
[+] Found element with XPath: //*[@id='wpforms-submit-10636']
[+] Form submitted!
[+] Waiting for M3U email...
[00:01:12] Searching for M3U links...
[00:01:12] Searching email content...
[00:01:33] Using regex fallback...
[00:01:33] No M3U link found, retrying in 45s...
[00:02:28] Searching for M3U links...
[00:02:28] Searching email content...
[00:02:28] Found M3U link: http://cf.hi-ott.me/get.php?username=iptvorevowv&password=803b12f219&type=m3u_plus&output=ts
[00:02:28] Found EPG link: http://cf.hi-ott.me/xmltv.php?username=iptvorevowv&password=803b12f219
[00:02:28] Using extended timeout for M3U file (120s read timeout)
[00:02:28] Download attempt 1/3
[00:02:58] Response status: 200
[00:02:58] Expected file size: 260,466,582 bytes
[00:03:08] Progress: 194,699,264/260,466,582 bytes (74.8%)
[00:03:11] Download completed: 260,466,582 bytes
[00:03:11] File saved successfully: iptv_daily/iptvore_daily_update.m3u (260,466,582 bytes)
[00:03:11] M3U file format verified
[+] Truncating iptv_daily/iptvore_daily_update.m3u to 92025 lines...
[✓] File truncated to 92025 lines
[✓] M3U saved successfully.
[00:03:11] Using standard timeout for EPG file (30s read timeout)
[00:03:11] Download attempt 1/2
[00:03:11] Response status: 200
[00:03:11] File size unknown, downloading...
[00:03:13] Download completed: 71,816,806 bytes
[00:03:13] File saved successfully: iptv_daily/iptvore_daily_update_epg.xml (71,816,806 bytes)
[✓] EPG saved successfully.
[+] Script completed.
[+] Staging files for commit...
[main e42698c] Auto update 2025-08-08 08:03
 2 files changed, 47043 insertions(+), 47053 deletions(-)
[+] Pulling from remote (rebase)...
error: cannot pull with rebase: You have unstaged changes.
error: please commit or stash them.
[+] Pushing to GitHub...
remote: warning: See https://gh.io/lfs for more information.        
remote: warning: File iptv_daily/iptvore_daily_update_epg.xml is 68.49 MB; this is larger than GitHub's recommended maximum file size of 50.00 MB        
remote: warning: GH001: Large files detected. You may want to try Git Large File Storage - https://git-lfs.github.com.        
To https://github.com/Jamesh6210/daily-iptv.git
   46c7316..e42698c  main -> main
[✓] Done.
[+] Running Python script...
/usr/lib/python3/dist-packages/requests/__init__.py:87: RequestsDependencyWarning: urllib3 (2.5.0) or chardet (4.0.0) doesn't match a supported version!
  warnings.warn("urllib3 ({}) or chardet ({}) doesn't match a supported "
[+] Fetching disposable email...
[+] Handling cookies/popups...
[+] Disposable email acquired: oconnor.eliano@doodrops.org
[+] Handling cookies/popups...
[+] Filling out IPTVore form...
[+] Looking for email field...
[+] Found email field with selector: //input[@type='email']
[+] Entered email: oconnor.eliano@doodrops.org
[+] Looking for country field...
[+] Successfully selected United Kingdom
[+] Submitting form...
[+] Found element with XPath: //*[@id='wpforms-submit-10636']
[+] Form submitted!
[+] Waiting for M3U email...
[00:01:13] Searching for M3U links...
[00:01:13] Searching email content...
[00:01:33] Using regex fallback...
[00:01:33] No M3U link found, retrying in 45s...
[00:02:29] Searching for M3U links...
[00:02:29] Searching email content...
[00:02:29] Found M3U link: http://cf.hi-ott.me/get.php?username=iptvoreavja&password=538eb36289&type=m3u_plus&output=ts
[00:02:29] Found EPG link: http://cf.hi-ott.me/xmltv.php?username=iptvoreavja&password=538eb36289
[00:02:29] Using extended timeout for M3U file (120s read timeout)
[00:02:29] Download attempt 1/3
[00:02:48] Response status: 200
[00:02:48] Expected file size: 260,808,728 bytes
[00:02:58] Progress: 195,280,896/260,808,728 bytes (74.9%)
[00:03:01] Download completed: 260,808,728 bytes
[00:03:01] File saved successfully: iptv_daily/iptvore_daily_update.m3u (260,808,728 bytes)
[00:03:01] M3U file format verified
[+] Truncating iptv_daily/iptvore_daily_update.m3u to 92025 lines...
[✓] File truncated to 92025 lines
[✓] M3U saved successfully.
[00:03:02] Using standard timeout for EPG file (30s read timeout)
[00:03:02] Download attempt 1/2
[00:03:02] Response status: 200
[00:03:02] File size unknown, downloading...
[00:03:03] Download completed: 69,795,226 bytes
[00:03:03] File saved successfully: iptv_daily/iptvore_daily_update_epg.xml (69,795,226 bytes)
[✓] EPG saved successfully.
[+] Script completed.
[+] Staging files for commit...
[main c3171fb] Auto update 2025-08-09 08:03
 2 files changed, 67005 insertions(+), 67113 deletions(-)
[+] Pulling from remote (rebase)...
error: cannot pull with rebase: You have unstaged changes.
error: please commit or stash them.
[+] Pushing to GitHub...
remote: warning: See https://gh.io/lfs for more information.        
remote: warning: File iptv_daily/iptvore_daily_update_epg.xml is 66.56 MB; this is larger than GitHub's recommended maximum file size of 50.00 MB        
remote: warning: GH001: Large files detected. You may want to try Git Large File Storage - https://git-lfs.github.com.        
To https://github.com/Jamesh6210/daily-iptv.git
   e42698c..c3171fb  main -> main
[✓] Done.
[+] Running Python script...
/usr/lib/python3/dist-packages/requests/__init__.py:87: RequestsDependencyWarning: urllib3 (2.5.0) or chardet (4.0.0) doesn't match a supported version!
  warnings.warn("urllib3 ({}) or chardet ({}) doesn't match a supported "
[+] Fetching disposable email...
[+] Handling cookies/popups...
[+] Disposable email acquired: timoteo.braelin@doodrops.org
[+] Handling cookies/popups...
[+] Filling out IPTVore form...
[+] Looking for email field...
[+] Found email field with selector: //input[@type='email']
[!] Error occurred: Message: element not interactable
  (Session info: chrome=138.0.7204.157); For documentation on this error, please visit: https://www.selenium.dev/documentation/webdriver/troubleshooting/errors#elementnotinteractableexception
Stacktrace:
#0 0x55f1bb1ad22a <unknown>
#1 0x55f1bac73c03 <unknown>
#2 0x55f1bacba8de <unknown>
#3 0x55f1bace9dc2 <unknown>
#4 0x55f1bacb7f38 <unknown>
#5 0x55f1bace9f8e <unknown>
#6 0x55f1bad0fc52 <unknown>
#7 0x55f1bace9b93 <unknown>
#8 0x55f1bacb60ad <unknown>
#9 0x55f1bacb7471 <unknown>
#10 0x55f1bb17319f <unknown>
#11 0x55f1bb177258 <unknown>
#12 0x55f1bb15a2e2 <unknown>
#13 0x55f1bb1779fe <unknown>
#14 0x55f1bb140b9e <unknown>
#15 0x55f1bb19b348 <unknown>
#16 0x55f1bb19b558 <unknown>
#17 0x55f1bb1ac38c <unknown>
#18 0x7f3d8537fac3 <unknown>

[+] Script completed.
[+] Staging files for commit...
[+] No changes to commit.
[+] Pulling from remote (rebase)...
error: cannot pull with rebase: You have unstaged changes.
error: please commit or stash them.
[+] Pushing to GitHub...
Everything up-to-date
[✓] Done.
[+] Running Python script...
/usr/lib/python3/dist-packages/requests/__init__.py:87: RequestsDependencyWarning: urllib3 (2.5.0) or chardet (4.0.0) doesn't match a supported version!
  warnings.warn("urllib3 ({}) or chardet ({}) doesn't match a supported "
[+] Fetching disposable email...
[+] Handling cookies/popups...
[+] Disposable email acquired: kmauri.jourdin@doodrops.org
[+] Handling cookies/popups...
[+] Filling out IPTVore form...
[+] Looking for email field...
[+] Found email field with selector: //input[@type='email']
[+] Entered email: kmauri.jourdin@doodrops.org
[+] Looking for country field...
[+] Successfully selected United Kingdom
[+] Submitting form...
[+] Found element with XPath: //*[@id='wpforms-submit-10636']
[+] Form submitted!
[+] Waiting for M3U email...
[00:01:10] Searching for M3U links...
[00:01:10] Searching email content...
[00:01:31] Using regex fallback...
[00:01:31] No M3U link found, retrying in 45s...
[00:02:26] Searching for M3U links...
[00:02:26] Searching email content...
[00:02:26] Found M3U link: http://cf.hi-ott.me/get.php?username=iptvorem01l&password=67172d3e75&type=m3u_plus&output=ts
[00:02:26] Found EPG link: http://cf.hi-ott.me/xmltv.php?username=iptvorem01l&password=67172d3e75
[00:02:26] Using extended timeout for M3U file (120s read timeout)
[00:02:26] Download attempt 1/3
[!] Download attempt 1 failed: 404 Client Error: Not Found for url: http://cf.hi-ott.me/get.php?username=iptvorem01l&password=67172d3e75&type=m3u_plus&output=ts
[00:02:26] Retrying in 3 seconds...
[00:02:29] Download attempt 2/3
[!] Download attempt 2 failed: 404 Client Error: Not Found for url: http://cf.hi-ott.me/get.php?username=iptvorem01l&password=67172d3e75&type=m3u_plus&output=ts
[00:02:29] Retrying in 6 seconds...
[00:02:35] Download attempt 3/3
[!] Download attempt 3 failed: 404 Client Error: Not Found for url: http://cf.hi-ott.me/get.php?username=iptvorem01l&password=67172d3e75&type=m3u_plus&output=ts
[!] All download attempts failed for http://cf.hi-ott.me/get.php?username=iptvorem01l&password=67172d3e75&type=m3u_plus&output=ts
[!] Failed to download M3U file.
[00:02:36] Using standard timeout for EPG file (30s read timeout)
[00:02:36] Download attempt 1/2
[00:02:36] Response status: 200
[00:02:36] File size unknown, downloading...
[00:02:37] Download completed: 68,080,758 bytes
[00:02:37] File saved successfully: iptv_daily/iptvore_daily_update_epg.xml (68,080,758 bytes)
[✓] EPG saved successfully.
[+] Script completed.
[+] Staging files for commit...
[main 28cbaef] Auto update 2025-08-11 08:02
 1 file changed, 98 insertions(+), 87 deletions(-)
[+] Pulling from remote (rebase)...
error: cannot pull with rebase: You have unstaged changes.
error: please commit or stash them.
[+] Pushing to GitHub...
remote: warning: See https://gh.io/lfs for more information.        
remote: warning: File iptv_daily/iptvore_daily_update_epg.xml is 64.93 MB; this is larger than GitHub's recommended maximum file size of 50.00 MB        
remote: warning: GH001: Large files detected. You may want to try Git Large File Storage - https://git-lfs.github.com.        
To https://github.com/Jamesh6210/daily-iptv.git
   ecd91ec..28cbaef  main -> main
[✓] Done.
[+] Running Python script...
/usr/lib/python3/dist-packages/requests/__init__.py:87: RequestsDependencyWarning: urllib3 (2.5.0) or chardet (4.0.0) doesn't match a supported version!
  warnings.warn("urllib3 ({}) or chardet ({}) doesn't match a supported "
[+] Fetching disposable email...
[+] Handling cookies/popups...
[+] Disposable email acquired: tenzing.elhadji@doodrops.org
[+] Handling cookies/popups...
[+] Filling out IPTVore form...
[+] Looking for email field...
[+] Found email field with selector: //input[@type='email']
[+] Entered email: tenzing.elhadji@doodrops.org
[+] Looking for country field...
[+] Successfully selected United Kingdom
[+] Submitting form...
[+] Found element with XPath: //*[@id='wpforms-submit-10636']
[+] Form submitted!
[+] Waiting for M3U email...
[00:01:10] Searching for M3U links...
[00:01:10] Searching email content...
[00:01:30] Using regex fallback...
[00:01:30] No M3U link found, retrying in 45s...
[00:02:26] Searching for M3U links...
[00:02:26] Searching email content...
[00:02:46] Using regex fallback...
[00:02:46] No M3U link found, retrying in 45s...
[00:03:41] Searching for M3U links...
[00:03:41] Searching email content...
[00:04:01] Using regex fallback...
[00:04:01] No M3U link found, retrying in 45s...
[00:04:57] Searching for M3U links...
[00:04:57] Searching email content...
[00:05:17] Using regex fallback...
[00:05:17] No M3U link found, retrying in 45s...
[00:06:12] Searching for M3U links...
[00:06:12] Searching email content...
[00:06:33] Using regex fallback...
[00:06:33] No M3U link found, retrying in 45s...
[00:07:28] Searching for M3U links...
[00:07:28] Searching email content...
[00:07:48] Using regex fallback...
[00:07:48] No M3U link found, retrying in 45s...
[00:08:43] Searching for M3U links...
[00:08:43] Searching email content...
[00:09:04] Using regex fallback...
[00:09:04] No M3U link found, retrying in 45s...
[00:09:59] Searching for M3U links...
[00:09:59] Searching email content...
[00:10:19] Using regex fallback...
[00:10:19] No M3U link found, retrying in 45s...
[00:11:14] Searching for M3U links...
[00:11:14] Searching email content...
[00:11:35] Using regex fallback...
[00:11:35] No M3U link found, retrying in 45s...
[00:12:30] Searching for M3U links...
[00:12:30] Searching email content...
[00:12:50] Using regex fallback...
[00:12:50] No M3U link found, retrying in 45s...
[00:13:45] Searching for M3U links...
[00:13:46] Searching email content...
[00:14:06] Using regex fallback...
[00:14:06] No M3U link found, retrying in 45s...
[00:15:01] Searching for M3U links...
[00:15:01] Searching email content...
[00:15:21] Using regex fallback...
[00:15:21] No M3U link found, retrying in 45s...
[00:16:17] Searching for M3U links...
[00:16:17] Searching email content...
[00:16:37] Using regex fallback...
[00:16:37] No M3U link found, retrying in 45s...
[00:17:32] Searching for M3U links...
[00:17:32] Searching email content...
[00:17:52] Using regex fallback...
[00:17:52] No M3U link found, retrying in 45s...
[00:18:48] Searching for M3U links...
[00:18:48] Searching email content...
[00:19:08] Using regex fallback...
[00:19:08] No M3U link found, retrying in 45s...
[00:20:03] Searching for M3U links...
[00:20:03] Searching email content...
[00:20:23] Using regex fallback...
[00:20:23] No M3U link found, retrying in 45s...
[00:21:19] Searching for M3U links...
[00:21:19] Searching email content...
[00:21:39] Using regex fallback...
[00:21:39] No M3U link found, retrying in 45s...
[00:22:34] Searching for M3U links...
[00:22:34] Searching email content...
[00:22:55] Using regex fallback...
[00:22:55] No M3U link found, retrying in 45s...
[00:23:50] Searching for M3U links...
[00:23:50] Searching email content...
[00:24:10] Using regex fallback...
[00:24:10] No M3U link found, retrying in 45s...
[00:25:06] Searching for M3U links...
[00:25:06] Searching email content...
[00:25:26] Using regex fallback...
[00:25:26] No M3U link found, retrying in 45s...
[00:26:21] Searching for M3U links...
[00:26:21] Searching email content...
[00:26:41] Using regex fallback...
[00:26:41] No M3U link found, retrying in 45s...
[00:27:37] Searching for M3U links...
[00:27:37] Searching email content...
[00:27:57] Using regex fallback...
[00:27:57] No M3U link found, retrying in 45s...
[00:28:52] Searching for M3U links...
[00:28:52] Searching email content...
[00:29:13] Using regex fallback...
[00:29:13] No M3U link found, retrying in 45s...
[00:30:08] Searching for M3U links...
[00:30:08] Searching email content...
[00:30:28] Using regex fallback...
[00:30:28] No M3U link found, retrying in 45s...
[00:31:13] Timed out waiting for M3U link
[!] Failed to retrieve M3U link.
[+] Script completed.
[+] Staging files for commit...
[+] No changes to commit.
[+] Pulling from remote (rebase)...
error: cannot pull with rebase: You have unstaged changes.
error: please commit or stash them.
[+] Pushing to GitHub...
Everything up-to-date
[✓] Done.
[+] Running Python script...
/usr/lib/python3/dist-packages/requests/__init__.py:87: RequestsDependencyWarning: urllib3 (2.5.0) or chardet (4.0.0) doesn't match a supported version!
  warnings.warn("urllib3 ({}) or chardet ({}) doesn't match a supported "
[+] Fetching disposable email...
[+] Handling cookies/popups...
[+] Disposable email acquired: cameren.kolbe@doodrops.org
[+] Handling cookies/popups...
[+] Filling out IPTVore form...
[+] Looking for email field...
[+] Found email field with selector: //input[@type='email']
[+] Entered email: cameren.kolbe@doodrops.org
[+] Looking for country field...
[+] Successfully selected United Kingdom
[+] Submitting form...
[+] Found element with XPath: //*[@id='wpforms-submit-10636']
[+] Form submitted!
[+] Waiting for M3U email...
[00:01:10] Searching for M3U links...
[00:01:10] Searching email content...
[00:01:30] Using regex fallback...
[00:01:30] No M3U link found, retrying in 45s...
[00:02:26] Searching for M3U links...
[00:02:26] Searching email content...
[00:02:26] Found M3U link: http://cf.hi-ott.me/get.php?username=iptvorecv21&password=f6b51b4cad&type=m3u_plus&output=ts
[00:02:26] Found EPG link: http://cf.hi-ott.me/xmltv.php?username=iptvorecv21&password=f6b51b4cad
[00:02:26] Using extended timeout for M3U file (120s read timeout)
[00:02:26] Download attempt 1/3
[00:02:26] Response status: 884
[00:02:26] File size unknown, downloading...
[00:02:26] Download completed: 0 bytes
[!] Download attempt 1 failed: File was not saved or is empty
[00:02:26] Retrying in 3 seconds...
[00:02:29] Download attempt 2/3
[00:02:29] Response status: 884
[00:02:29] File size unknown, downloading...
[00:02:29] Download completed: 0 bytes
[!] Download attempt 2 failed: File was not saved or is empty
[00:02:29] Retrying in 6 seconds...
[00:02:35] Download attempt 3/3
[00:02:35] Response status: 884
[00:02:35] File size unknown, downloading...
[00:02:35] Download completed: 0 bytes
[!] Download attempt 3 failed: File was not saved or is empty
[!] All download attempts failed for http://cf.hi-ott.me/get.php?username=iptvorecv21&password=f6b51b4cad&type=m3u_plus&output=ts
[!] Failed to download M3U file.
[00:02:35] Using standard timeout for EPG file (30s read timeout)
[00:02:35] Download attempt 1/2
[00:02:35] Response status: 200
[00:02:35] File size unknown, downloading...
[00:02:37] Download completed: 70,489,031 bytes
[00:02:37] File saved successfully: iptv_daily/iptvore_daily_update_epg.xml (70,489,031 bytes)
[✓] EPG saved successfully.
[+] Script completed.
[+] Staging files for commit...
[main 8bbc5ca] Auto update 2025-08-13 08:02
 1 file changed, 234 insertions(+), 217 deletions(-)
[+] Pulling from remote (rebase)...
error: cannot pull with rebase: You have unstaged changes.
error: please commit or stash them.
[+] Pushing to GitHub...
remote: warning: See https://gh.io/lfs for more information.        
remote: warning: File iptv_daily/iptvore_daily_update_epg.xml is 67.22 MB; this is larger than GitHub's recommended maximum file size of 50.00 MB        
remote: warning: GH001: Large files detected. You may want to try Git Large File Storage - https://git-lfs.github.com.        
To https://github.com/Jamesh6210/daily-iptv.git
   2207cb0..8bbc5ca  main -> main
[✓] Done.
